warning: Git tree '/home/ank/Desktop/WORK/Task_3/sky130-fabulous-testchip' is dirty
warning: ignoring untrusted flake configuration setting 'extra-substituters'.
Pass '--accept-flake-config' to trust it
warning: ignoring untrusted flake configuration setting 'extra-trusted-public-keys'.
Pass '--accept-flake-config' to trust it
sky130A
classic_fabric_chipfoundry_large
classic
yosys \
-p \
"synth_fabulous \
-top counter \
-lut 4 \
-carry ha \
-complex-dff \
-ff "\$_DFF_P_" x -ff "\$_DFFE_PP_" x -ff "\$_SDFF_PP?_" x -ff "\$_SDFFE_PP?P_" x -ff "\$_DLATCH_?_" x \
-multiplier-map ../../../../ip/fabulous-tiles/primitives/MACC_8x8_20/yosys/techmap/MACC_8x8_20_map.v \
-extra-plib ../../../../ip/fabulous-tiles/primitives/FABULOUS_LC/yosys/primitives/prims.v -extra-plib ../../../../ip/fabulous-tiles/primitives/IOBUF/yosys/primitives/IOBUF.v -extra-plib ../../../../ip/fabulous-tiles/primitives/IBUF/yosys/primitives/IBUF.v -extra-plib ../../../../ip/fabulous-tiles/primitives/OBUF/yosys/primitives/OBUF.v -extra-plib ../../../../ip/fabulous-tiles/primitives/TBUF/yosys/primitives/TBUF.v -extra-plib ../../../../ip/fabulous-tiles/primitives/GBUF/yosys/primitives/GBUF.v -extra-plib ../../../../ip/fabulous-tiles/primitives/SYS_RESET/yosys/primitives/SYS_RESET.v -extra-plib ../../../../ip/fabulous-tiles/primitives/RAM_32x4_2R_1W/yosys/primitives/RAM_32x4_2R_1W.v -extra-plib ../../../../ip/fabulous-tiles/primitives/MACC_8x8_20/yosys/primitives/MACC_8x8_20.v \
-extra-map ../../../../ip/fabulous-tiles/primitives/FABULOUS_LC/yosys/techmap/lut_map.v -extra-map ../../../../ip/fabulous-tiles/primitives/FABULOUS_LC/yosys/techmap/ff_map.v -extra-map ../../../../ip/fabulous-tiles/primitives/IOBUF/yosys/techmap/IOBUF_map.v -extra-map ../../../../ip/fabulous-tiles/primitives/RAM_32x4_2R_1W/yosys/techmap/RAM_32x4_2R_1W_map.v \
-extra-mlibmap ../../../../ip/fabulous-tiles/primitives/RAM_32x4_2R_1W/yosys/memlib/RAM_32x4_2R_1W_lib.txt; \
show -format dot -prefix counter; \
write_json -noscopeinfo counter.json; \
" \
counter.v

 /----------------------------------------------------------------------------\
 |  yosys -- Yosys Open SYnthesis Suite                                       |
 |  Copyright (C) 2012 - 2026  Claire Xenia Wolf <claire@yosyshq.com>         |
 |  Distributed under an ISC-like license, type "license" to see terms        |
 \----------------------------------------------------------------------------/
 Yosys 0.62 (git sha1 7326bb7d6641500ecb285c291a54a662cb1e76cf, clang++ 21.1.2 -fPIC -O3)

-- Parsing `counter.v' using frontend ` -vlog2k' --

1. Executing Verilog-2005 frontend: counter.v
Parsing Verilog input from `counter.v' to AST representation.
Storing AST representation for module `$abstract\counter'.
Successfully finished Verilog frontend.

-- Running command `synth_fabulous -top counter -lut 4 -carry ha -complex-dff -ff $_DFF_P_ x -ff $_DFFE_PP_ x -ff $_SDFF_PP?_ x -ff $_SDFFE_PP?P_ x -ff $_DLATCH_?_ x -multiplier-map ../../../../ip/fabulous-tiles/primitives/MACC_8x8_20/yosys/techmap/MACC_8x8_20_map.v -extra-plib ../../../../ip/fabulous-tiles/primitives/FABULOUS_LC/yosys/primitives/prims.v -extra-plib ../../../../ip/fabulous-tiles/primitives/IOBUF/yosys/primitives/IOBUF.v -extra-plib ../../../../ip/fabulous-tiles/primitives/IBUF/yosys/primitives/IBUF.v -extra-plib ../../../../ip/fabulous-tiles/primitives/OBUF/yosys/primitives/OBUF.v -extra-plib ../../../../ip/fabulous-tiles/primitives/TBUF/yosys/primitives/TBUF.v -extra-plib ../../../../ip/fabulous-tiles/primitives/GBUF/yosys/primitives/GBUF.v -extra-plib ../../../../ip/fabulous-tiles/primitives/SYS_RESET/yosys/primitives/SYS_RESET.v -extra-plib ../../../../ip/fabulous-tiles/primitives/RAM_32x4_2R_1W/yosys/primitives/RAM_32x4_2R_1W.v -extra-plib ../../../../ip/fabulous-tiles/primitives/MACC_8x8_20/yosys/primitives/MACC_8x8_20.v -extra-map ../../../../ip/fabulous-tiles/primitives/FABULOUS_LC/yosys/techmap/lut_map.v -extra-map ../../../../ip/fabulous-tiles/primitives/FABULOUS_LC/yosys/techmap/ff_map.v -extra-map ../../../../ip/fabulous-tiles/primitives/IOBUF/yosys/techmap/IOBUF_map.v -extra-map ../../../../ip/fabulous-tiles/primitives/RAM_32x4_2R_1W/yosys/techmap/RAM_32x4_2R_1W_map.v -extra-mlibmap ../../../../ip/fabulous-tiles/primitives/RAM_32x4_2R_1W/yosys/memlib/RAM_32x4_2R_1W_lib.txt; show -format dot -prefix counter; write_json -noscopeinfo counter.json; ' --

Syntax error in command `synth_fabulous -top counter -lut 4 -carry ha -complex-dff -ff $_DFF_P_ x -ff $_DFFE_PP_ x -ff $_SDFF_PP?_ x -ff $_SDFFE_PP?P_ x -ff $_DLATCH_?_ x -multiplier-map ../../../../ip/fabulous-tiles/primitives/MACC_8x8_20/yosys/techmap/MACC_8x8_20_map.v -extra-plib ../../../../ip/fabulous-tiles/primitives/FABULOUS_LC/yosys/primitives/prims.v -extra-plib ../../../../ip/fabulous-tiles/primitives/IOBUF/yosys/primitives/IOBUF.v -extra-plib ../../../../ip/fabulous-tiles/primitives/IBUF/yosys/primitives/IBUF.v -extra-plib ../../../../ip/fabulous-tiles/primitives/OBUF/yosys/primitives/OBUF.v -extra-plib ../../../../ip/fabulous-tiles/primitives/TBUF/yosys/primitives/TBUF.v -extra-plib ../../../../ip/fabulous-tiles/primitives/GBUF/yosys/primitives/GBUF.v -extra-plib ../../../../ip/fabulous-tiles/primitives/SYS_RESET/yosys/primitives/SYS_RESET.v -extra-plib ../../../../ip/fabulous-tiles/primitives/RAM_32x4_2R_1W/yosys/primitives/RAM_32x4_2R_1W.v -extra-plib ../../../../ip/fabulous-tiles/primitives/MACC_8x8_20/yosys/primitives/MACC_8x8_20.v -extra-map ../../../../ip/fabulous-tiles/primitives/FABULOUS_LC/yosys/techmap/lut_map.v -extra-map ../../../../ip/fabulous-tiles/primitives/FABULOUS_LC/yosys/techmap/ff_map.v -extra-map ../../../../ip/fabulous-tiles/primitives/IOBUF/yosys/techmap/IOBUF_map.v -extra-map ../../../../ip/fabulous-tiles/primitives/RAM_32x4_2R_1W/yosys/techmap/RAM_32x4_2R_1W_map.v -extra-mlibmap ../../../../ip/fabulous-tiles/primitives/RAM_32x4_2R_1W/yosys/memlib/RAM_32x4_2R_1W_lib.txt':

    synth_fabulous [options]

This command runs synthesis for FPGA fabrics generated with FABulous. This command does not operate
on partly selected designs.

    -top <module>
        use the specified module as top module (default='top')

    -auto-top
        automatically determine the top of the design hierarchy

    -blif <file>
        write the design to the specified BLIF file. writing of an output file
        is omitted if this parameter is not specified.

    -edif <file>
        write the design to the specified EDIF file. writing of an output file
        is omitted if this parameter is not specified.

    -json <file>
        write the design to the specified JSON file. writing of an output file
        is omitted if this parameter is not specified.

    -lut <k>
        perform synthesis for a k-LUT architecture (default 4).

    -vpr
        perform synthesis for the FABulous VPR flow (using slightly different techmapping).

    -plib <primitive_library.v>
        use the specified Verilog file as a primitive library.

    -extra-plib <primitive_library.v>
        use the specified Verilog file for extra primitives (can be specified multiple
        times).

    -extra-map <techmap.v>
        use the specified Verilog file for extra techmap rules (can be specified multiple
        times).

    -encfile <file>
        passed to 'fsm_recode' via 'fsm'

    -nofsm
        do not run FSM optimization

    -noalumacc
        do not run 'alumacc' pass. i.e. keep arithmetic operators in
        their direct form ($add, $sub, etc.).

    -carry <none|ha>
        carry mapping style (none, half-adders, ...) default=none

    -noregfile
        do not map register files

    -iopad
        enable automatic insertion of IO buffers (otherwise a wrapper
        with manually inserted and constrained IO should be used.)

    -complex-dff
        enable support for FFs with enable and synchronous SR (must also be
        supported by the target fabric.)

    -noflatten
        do not flatten design after elaboration

    -nordff
        passed to 'memory'. prohibits merging of FFs into memory read ports

    -noshare
        do not run SAT-based resource sharing

    -run <from_label>[:<to_label>]
        only run the commands between the labels (see below). an empty
        from label is synonymous to 'begin', and empty to label is
        synonymous to the end of the command list.

    -no-rw-check
        marks all recognized read ports as "return don't-care value on
        read/write collision" (same result as setting the no_rw_check
        attribute on all memories).


The following commands are executed by this synthesis command:
        read_verilog  -lib +/fabulous/prims.v
        read_verilog -lib <extra_plib.v>    (for each -extra-plib)

    begin:
        hierarchy -check
        proc

    flatten:    (unless -noflatten)
        flatten
        tribuf -logic
        deminout

    coarse:
        tribuf -logic
        deminout
        opt_expr
        opt_clean
        check
        opt -nodffe -nosdff
        fsm          (unless -nofsm)
        opt
        wreduce
        peepopt
        opt_clean
        techmap -map +/cmp2lut.v -map +/cmp2lcu.v     (if -lut)
        alumacc      (unless -noalumacc)
        share        (unless -noshare)
        opt
        memory -nomap
        opt_clean

    map_ram:    (unless -noregfile)
        memory_libmap -lib +/fabulous/ram_regfile.txt
        techmap -map +/fabulous/regfile_map.v

    map_ffram:
        opt -fast -mux_undef -undriven -fine
        memory_map
        opt -undriven -fine

    map_gates:
        opt -full
        techmap -map +/techmap.v -map +/fabulous/arith_map.v -D ARITH_<carry>
        opt -fast

    map_iopad:    (if -iopad)
        opt -full
        iopadmap -bits -outpad $__FABULOUS_OBUF I:PAD -inpad $__FABULOUS_IBUF O:PAD -toutpad IO_1_bidirectional_frame_config_pass ~T:I:PAD -tinoutpad IO_1_bidirectional_frame_config_pass ~T:O:I:PAD A:top    (skip if '-noiopad')
        techmap -map +/fabulous/io_map.v

    map_ffs:
        dfflegalize -cell $_DFF_P_ 0 -cell $_DLATCH_?_ x    without -complex-dff
        techmap -map +/fabulous/latches_map.v
        techmap -map +/fabulous/ff_map.v
        techmap -map <extra_map.v>...    (for each -extra-map)
        clean

    map_luts:
        abc -lut 4 -dress
        clean

    map_cells:
        techmap -D LUT_K=4 -map +/fabulous/cells_map.v
        clean

    check:
        hierarchy -check
        stat

    blif:
        opt_clean -purge
        write_blif -attr -cname -conn -param <file-name>

    json:
        write_json <file-name>

ERROR: Command syntax error: Unknown option or option in arguments.
> synth_fabulous -top counter -lut 4 -carry ha -complex-dff -ff $_DFF_P_ x -ff $_DFFE_PP_ x -ff $_SDFF_PP?_ x -ff $_SDFFE_PP?P_ x -ff $_DLATCH_?_ x -multiplier-map ../../../../ip/fabulous-tiles/primitives/MACC_8x8_20/yosys/techmap/MACC_8x8_20_map.v -extra-plib ../../../../ip/fabulous-tiles/primitives/FABULOUS_LC/yosys/primitives/prims.v -extra-plib ../../../../ip/fabulous-tiles/primitives/IOBUF/yosys/primitives/IOBUF.v -extra-plib ../../../../ip/fabulous-tiles/primitives/IBUF/yosys/primitives/IBUF.v -extra-plib ../../../../ip/fabulous-tiles/primitives/OBUF/yosys/primitives/OBUF.v -extra-plib ../../../../ip/fabulous-tiles/primitives/TBUF/yosys/primitives/TBUF.v -extra-plib ../../../../ip/fabulous-tiles/primitives/GBUF/yosys/primitives/GBUF.v -extra-plib ../../../../ip/fabulous-tiles/primitives/SYS_RESET/yosys/primitives/SYS_RESET.v -extra-plib ../../../../ip/fabulous-tiles/primitives/RAM_32x4_2R_1W/yosys/primitives/RAM_32x4_2R_1W.v -extra-plib ../../../../ip/fabulous-tiles/primitives/MACC_8x8_20/yosys/primitives/MACC_8x8_20.v -extra-map ../../../../ip/fabulous-tiles/primitives/FABULOUS_LC/yosys/techmap/lut_map.v -extra-map ../../../../ip/fabulous-tiles/primitives/FABULOUS_LC/yosys/techmap/ff_map.v -extra-map ../../../../ip/fabulous-tiles/primitives/IOBUF/yosys/techmap/IOBUF_map.v -extra-map ../../../../ip/fabulous-tiles/primitives/RAM_32x4_2R_1W/yosys/techmap/RAM_32x4_2R_1W_map.v -extra-mlibmap ../../../../ip/fabulous-tiles/primitives/RAM_32x4_2R_1W/yosys/memlib/RAM_32x4_2R_1W_lib.txt
>                                                           ^
make: *** [../../../makefile.include:57: synth] Error 1
