warning: Git tree '/home/ank/Desktop/WORK/Task_3/sky130-fabulous-testchip' is dirty
     -.--ns INFO     gpi                                ..mbed/gpi_embed.cpp:93   in _embed_init_python              Using Python 3.13.9 interpreter at /nix/store/bk7h0wpk2gxqbxc0pnh93bka30ja1pyn-devshell-dir/bin/python3
     -.--ns INFO     gpi                                ../gpi/GpiCommon.cpp:79   in gpi_print_registered_impl       VPI registered
     0.00ns INFO     cocotb                             Running on Icarus Verilog version 13.0 (devel)
     0.00ns INFO     cocotb                             Seeding Python random module with 1778250965
     0.00ns INFO     cocotb                             Initialized cocotb v2.0.1 from /nix/store/1nnbjrnq9qng3421vkllqznnc08ngs2m-python3-3.13.9-env/lib/python3.13/site-packages/cocotb
     0.00ns INFO     cocotb                             Running tests
     0.00ns INFO     cocotb.regression                  running testcases.classic.counter.test_counter (1/1)
                                                            Load bitstream for counter
Reading PCF file: /home/ank/Desktop/WORK/Task_3/sky130-fabulous-testchip/tb/testcases/classic/../../../user_designs/designs/classic/counter/generated_constraints.pcf
     0.00ns WARNING  ..b.Test test_counter.test_counter 'clk2'
                                                        Traceback (most recent call last):
                                                          File "/home/ank/Desktop/WORK/Task_3/sky130-fabulous-testchip/tb/testcases/classic/counter.py", line 25, in test_counter
                                                            pcf.set("clk2", Logic(0), index=0)
                                                            ~~~~~~~^^^^^^^^^^^^^^^^^^^^^^^^^^^
                                                          File "/home/ank/Desktop/WORK/Task_3/sky130-fabulous-testchip/tb/testcases/common.py", line 233, in set
                                                            self.signals[signal][index]["OUT"].value = value
                                                            ~~~~~~~~~~~~^^^^^^^^
                                                        KeyError: 'clk2'
     0.00ns WARNING  cocotb.regression                  testcases.classic.counter.test_counter failed
     0.00ns INFO     cocotb.regression                  ************************************************************************************************
                                                        ** TEST                                    STATUS  SIM TIME (ns)  REAL TIME (s)  RATIO (ns/s) **
                                                        ************************************************************************************************
                                                        ** testcases.classic.counter.test_counter   FAIL           0.00           0.39          0.00  **
                                                        ************************************************************************************************
                                                        ** TESTS=1 PASS=0 FAIL=1 SKIP=0                            0.00           0.40          0.00  **
                                                        ************************************************************************************************
